```
┌──(kali㉿kali)-[~/CTFs/misfortune-ctf-challenge]
└─$ ls
deps  Dockerfile  Makefile  play  README.md  setup.sh  src

┌──(kali㉿kali)-[~/CTFs/misfortune-ctf-challenge/play]
└─$ ls
libc.so.6  misfortune

┌──(kali㉿kali)-[~/CTFs/misfortune-ctf-challenge/play]
└─$ ./misfortune
Hello fortune teller! Please tell me my fortune!
> AAAAAAAAAAAAAAAAAAAAAAAaAAAAAAAAAAAAAAAAAAAAAAAAAAAAAAAAAAAAAAAaAAAAAAAAAAAAAAAAAAAAAAAaAAAAAAAAAAAAAAAAAAAAAAAAAAAAAAAAAAAAAAAaAAAAAAAAAAAAAAAAAAAAAAAaAAAAAAAAAAAAAAAAAAAAAAAAAAAAAAAAAAAAAAAaAAAAAAAAAAAAAAAAAAAAAAAaAAAAAAAAAAAAAAAAAAAAAAAAAAAAAAAAAAAAAAAaAAAAAAAAAAAAAAAAAAAAAAAaAAAAAAAAAAAAAAAAAAAAAAAAAAAAAAAAAAAAAAAaAAAAAAAAAAAAAAAAAAAAAAAaAAAAAAAAAAAAAAAAAAAAAAAAAAAAAAAAAAAAAAAaAAAAAAAAAAAAAAAAAAAAAAAaAAAAAAAAAAAAAAAAAAAAAAAAAAAAAAAAAAAAAAAa
zsh: segmentation fault  ./misfortune

### Buffer OverFlow Vulnerability where it says segmentation fault.

┌──(kali㉿kali)-[~/CTFs/misfortune-ctf-challenge/play]
└─$ sudo dmesg                                        
[    0.000000] Linux version 6.12.38+kali-amd64 (devel@kali.org) (x86_64-linux-gnu-gcc-14 (Debian 14.2.0-19) 14.2.0, GNU ld (GNU Binutils for Debian) 2.44) #1 SMP PREEMPT_DYNAMIC Kali 6.12.38-1kali1 (2025-08-12)
[    0.000000] Command line: BOOT_IMAGE=/boot/vmlinuz-6.12.38+kali-amd64 root=UUID=f9fc7ed2-23f1-4717-9aa0-3169989272b7 ro quiet splash
[    0.000000] Disabled fast string operations
[    0.000000] BIOS-provided physical RAM map:
[    0.000000] BIOS-e820: [mem 0x0000000000000000-0x000000000009f3ff] usable
...
...
[ 1386.069697] traps: misfortune[5934] general protection fault ip:4007cf sp:7ffd036882c8 error:0 in misfortune[7cf,400000+1000]


```
